SUBSECTION bobp failure \
    baz
  set foo = bar
END
